// Jest Snapshot v1, https://goo.gl/fbAQLP

exports[`Navbar renders correctly 1`] = `
<nav
  className="navbar"
>
  <h1
    className="header-title"
  >
     Math Magicians
  </h1>
  <ul
    className="navlinks"
  >
    <li
      className="link"
    >
      <a
        className=""
        href="/"
        onClick={[Function]}
      >
        Home
      </a>
    </li>
    <li
      className="link"
    >
      <a
        className=""
        href="/calculator"
        onClick={[Function]}
      >
        Calculator
      </a>
    </li>
    <li
      className="link last"
    >
      <a
        className=""
        href="/quote"
        onClick={[Function]}
      >
        Quote
      </a>
    </li>
  </ul>
</nav>
`;
